// Jest Snapshot v1, https://goo.gl/fbAQLP

exports[`<Main /> should render the heading 1`] = `
.c0 {
  background-color: #a2aecd;
  height: 100%;
  width: 100%;
}

.c1 {
  color: #333;
  font-size: 5rem;
  font-weight: 700;
  margin-bottom: 2rem;
}

.c2 {
  font-size: 2rem;
  font-weight: 400;
}

<main
  class="c0"
>
  <h1
    class="c1"
  >
    Boilerplate
  </h1>
  <h2
    class="c2"
  >
    TypeScript, ReactJS, NextJS e Styled Components
  </h2>
</main>
`;
